blahSize,customerID
5432,1234
38655,41444
25632,12334
7213,41444
70100,553155
